Building UI...
cd drbd-ha/ui && npm install && npm run build

up to date, audited 135 packages in 714ms

12 packages are looking for funding
  run `npm fund` for details

found 0 vulnerabilities

> drbd-ha-ui@1.0.0 build
> rsbuild build

Rsbuild v1.6.10

info    build started...
ready   built in 0.80 s

File (web)                              Size        Gzip   
dist/index.html                         0.55 kB     0.31 kB
dist/favicon.svg                        1.8 kB      0.66 kB
dist/static/css/index.2d7a3324.css      21.0 kB     5.0 kB
dist/static/js/index.0a949040.js        57.2 kB     16.0 kB
dist/static/js/lib-router.0f005b7b.js   80.6 kB     26.9 kB
dist/static/js/lib-react.d40d04ba.js    189.9 kB    59.9 kB
dist/static/js/664.24dcc0f5.js          928.2 kB    288.2 kB

                               Total:   1279.4 kB   397.0 kB

Building all Rust binaries in the workspace (release mode)...
cargo build --workspace --release
   Compiling ra-params v0.1.0 (/home/liliang/Codes/works/wien/ha/drbd-ha/ra-params)
   Compiling drbd-ha v0.1.0 (/home/liliang/Codes/works/wien/ha/drbd-ha/drbd-ha)
    Finished `release` profile [optimized] target(s) in 25.11s
Main release binary: target/release/drbd-ha
Helper tool binary: target/release/ra-params
